// Jest Snapshot v1, https://goo.gl/fbAQLP

exports[`should pass a snapshot 1`] = `[Function]`;
